{
    "x": "value",
    "y": "value",
    "z": [
        "value value",
        "value",
        "value"
    ]
}