{
    "a": "value",
    "b": "value",
    "c": [
        "value value",
        "value",
        "value"
    ],
    "_function": {}
}